Archive member included to satisfy reference by file (symbol)

c:/st/stm32cubeide_1.9.0/stm32cubeide/plugins/com.st.stm32cube.ide.mcu.externaltools.gnu-tools-for-stm32.10.3-2021.10.win32_1.0.100.202210260954/tools/bin/../lib/gcc/arm-none-eabi/10.3.1/../../../../arm-none-eabi/lib/thumb/v7-m/nofp\libc_nano.a(lib_a-errno.o)
                              ./Core/Src/syscalls.o (__errno)
c:/st/stm32cubeide_1.9.0/stm32cubeide/plugins/com.st.stm32cube.ide.mcu.externaltools.gnu-tools-for-stm32.10.3-2021.10.win32_1.0.100.202210260954/tools/bin/../lib/gcc/arm-none-eabi/10.3.1/../../../../arm-none-eabi/lib/thumb/v7-m/nofp\libc_nano.a(lib_a-exit.o)
                              c:/st/stm32cubeide_1.9.0/stm32cubeide/plugins/com.st.stm32cube.ide.mcu.externaltools.gnu-tools-for-stm32.10.3-2021.10.win32_1.0.100.202210260954/tools/bin/../lib/gcc/arm-none-eabi/10.3.1/../../../../arm-none-eabi/lib/thumb/v7-m/nofp/crt0.o (exit)
c:/st/stm32cubeide_1.9.0/stm32cubeide/plugins/com.st.stm32cube.ide.mcu.externaltools.gnu-tools-for-stm32.10.3-2021.10.win32_1.0.100.202210260954/tools/bin/../lib/gcc/arm-none-eabi/10.3.1/../../../../arm-none-eabi/lib/thumb/v7-m/nofp\libc_nano.a(lib_a-impure.o)
                              c:/st/stm32cubeide_1.9.0/stm32cubeide/plugins/com.st.stm32cube.ide.mcu.externaltools.gnu-tools-for-stm32.10.3-2021.10.win32_1.0.100.202210260954/tools/bin/../lib/gcc/arm-none-eabi/10.3.1/../../../../arm-none-eabi/lib/thumb/v7-m/nofp\libc_nano.a(lib_a-exit.o) (_global_impure_ptr)
c:/st/stm32cubeide_1.9.0/stm32cubeide/plugins/com.st.stm32cube.ide.mcu.externaltools.gnu-tools-for-stm32.10.3-2021.10.win32_1.0.100.202210260954/tools/bin/../lib/gcc/arm-none-eabi/10.3.1/../../../../arm-none-eabi/lib/thumb/v7-m/nofp\libc_nano.a(lib_a-init.o)
                              c:/st/stm32cubeide_1.9.0/stm32cubeide/plugins/com.st.stm32cube.ide.mcu.externaltools.gnu-tools-for-stm32.10.3-2021.10.win32_1.0.100.202210260954/tools/bin/../lib/gcc/arm-none-eabi/10.3.1/../../../../arm-none-eabi/lib/thumb/v7-m/nofp/crt0.o (__libc_init_array)
c:/st/stm32cubeide_1.9.0/stm32cubeide/plugins/com.st.stm32cube.ide.mcu.externaltools.gnu-tools-for-stm32.10.3-2021.10.win32_1.0.100.202210260954/tools/bin/../lib/gcc/arm-none-eabi/10.3.1/../../../../arm-none-eabi/lib/thumb/v7-m/nofp\libc_nano.a(lib_a-memset.o)
                              c:/st/stm32cubeide_1.9.0/stm32cubeide/plugins/com.st.stm32cube.ide.mcu.externaltools.gnu-tools-for-stm32.10.3-2021.10.win32_1.0.100.202210260954/tools/bin/../lib/gcc/arm-none-eabi/10.3.1/../../../../arm-none-eabi/lib/thumb/v7-m/nofp/crt0.o (memset)

Discarded input sections

 .text          0x0000000000000000        0x0 c:/st/stm32cubeide_1.9.0/stm32cubeide/plugins/com.st.stm32cube.ide.mcu.externaltools.gnu-tools-for-stm32.10.3-2021.10.win32_1.0.100.202210260954/tools/bin/../lib/gcc/arm-none-eabi/10.3.1/thumb/v7-m/nofp/crti.o
 .data          0x0000000000000000        0x0 c:/st/stm32cubeide_1.9.0/stm32cubeide/plugins/com.st.stm32cube.ide.mcu.externaltools.gnu-tools-for-stm32.10.3-2021.10.win32_1.0.100.202210260954/tools/bin/../lib/gcc/arm-none-eabi/10.3.1/thumb/v7-m/nofp/crti.o
 .bss           0x0000000000000000        0x0 c:/st/stm32cubeide_1.9.0/stm32cubeide/plugins/com.st.stm32cube.ide.mcu.externaltools.gnu-tools-for-stm32.10.3-2021.10.win32_1.0.100.202210260954/tools/bin/../lib/gcc/arm-none-eabi/10.3.1/thumb/v7-m/nofp/crti.o
 .data          0x0000000000000000        0x4 c:/st/stm32cubeide_1.9.0/stm32cubeide/plugins/com.st.stm32cube.ide.mcu.externaltools.gnu-tools-for-stm32.10.3-2021.10.win32_1.0.100.202210260954/tools/bin/../lib/gcc/arm-none-eabi/10.3.1/thumb/v7-m/nofp/crtbegin.o
 .rodata        0x0000000000000000       0x24 c:/st/stm32cubeide_1.9.0/stm32cubeide/plugins/com.st.stm32cube.ide.mcu.externaltools.gnu-tools-for-stm32.10.3-2021.10.win32_1.0.100.202210260954/tools/bin/../lib/gcc/arm-none-eabi/10.3.1/thumb/v7-m/nofp/crtbegin.o
 .text          0x0000000000000000       0x7c c:/st/stm32cubeide_1.9.0/stm32cubeide/plugins/com.st.stm32cube.ide.mcu.externaltools.gnu-tools-for-stm32.10.3-2021.10.win32_1.0.100.202210260954/tools/bin/../lib/gcc/arm-none-eabi/10.3.1/../../../../arm-none-eabi/lib/thumb/v7-m/nofp/crt0.o
 .data          0x0000000000000000        0x0 c:/st/stm32cubeide_1.9.0/stm32cubeide/plugins/com.st.stm32cube.ide.mcu.externaltools.gnu-tools-for-stm32.10.3-2021.10.win32_1.0.100.202210260954/tools/bin/../lib/gcc/arm-none-eabi/10.3.1/../../../../arm-none-eabi/lib/thumb/v7-m/nofp/crt0.o
 .bss           0x0000000000000000        0x0 c:/st/stm32cubeide_1.9.0/stm32cubeide/plugins/com.st.stm32cube.ide.mcu.externaltools.gnu-tools-for-stm32.10.3-2021.10.win32_1.0.100.202210260954/tools/bin/../lib/gcc/arm-none-eabi/10.3.1/../../../../arm-none-eabi/lib/thumb/v7-m/nofp/crt0.o
[...]
Memory Configuration

Name             Origin             Length             Attributes
RAM              0x0000000020000000 0x0000000000005000 xrw
FLASH            0x0000000008000000 0x0000000000010000 xr
*default*        0x0000000000000000 0xffffffffffffffff

Linker script and memory map

LOAD c:/st/stm32cubeide_1.9.0/stm32cubeide/plugins/com.st.stm32cube.ide.mcu.externaltools.gnu-tools-for-stm32.10.3-2021.10.win32_1.0.100.202210260954/tools/bin/../lib/gcc/arm-none-eabi/10.3.1/thumb/v7-m/nofp/crti.o
LOAD c:/st/stm32cubeide_1.9.0/stm32cubeide/plugins/com.st.stm32cube.ide.mcu.externaltools.gnu-tools-for-stm32.10.3-2021.10.win32_1.0.100.202210260954/tools/bin/../lib/gcc/arm-none-eabi/10.3.1/thumb/v7-m/nofp/crtbegin.o
LOAD c:/st/stm32cubeide_1.9.0/stm32cubeide/plugins/com.st.stm32cube.ide.mcu.externaltools.gnu-tools-for-stm32.10.3-2021.10.win32_1.0.100.202210260954/tools/bin/../lib/gcc/arm-none-eabi/10.3.1/../../../../arm-none-eabi/lib/thumb/v7-m/nofp/crt0.o
LOAD ./Core/Src/main.o
LOAD ./Core/Src/stm32f1xx_hal_msp.o
LOAD ./Core/Src/stm32f1xx_it.o
LOAD ./Core/Src/syscalls.o
LOAD ./Core/Src/sysmem.o
LOAD ./Core/Src/system_stm32f1xx.o
LOAD ./Core/Src/wrapper.o
LOAD ./Core/Startup/startup_stm32f103c8tx.o
LOAD ./Drivers/STM32F1xx_HAL_Driver/Src/stm32f1xx_hal.o
LOAD ./Drivers/STM32F1xx_HAL_Driver/Src/stm32f1xx_hal_can.o
LOAD ./Drivers/STM32F1xx_HAL_Driver/Src/stm32f1xx_hal_cortex.o
LOAD ./Drivers/STM32F1xx_HAL_Driver/Src/stm32f1xx_hal_dma.o
LOAD ./Drivers/STM32F1xx_HAL_Driver/Src/stm32f1xx_hal_exti.o
LOAD ./Drivers/STM32F1xx_HAL_Driver/Src/stm32f1xx_hal_flash.o
LOAD ./Drivers/STM32F1xx_HAL_Driver/Src/stm32f1xx_hal_flash_ex.o
LOAD ./Drivers/STM32F1xx_HAL_Driver/Src/stm32f1xx_hal_gpio.o
LOAD ./Drivers/STM32F1xx_HAL_Driver/Src/stm32f1xx_hal_gpio_ex.o
LOAD ./Drivers/STM32F1xx_HAL_Driver/Src/stm32f1xx_hal_pwr.o
LOAD ./Drivers/STM32F1xx_HAL_Driver/Src/stm32f1xx_hal_rcc.o
LOAD ./Drivers/STM32F1xx_HAL_Driver/Src/stm32f1xx_hal_rcc_ex.o
LOAD ./Drivers/STM32F1xx_HAL_Driver/Src/stm32f1xx_hal_tim.o
LOAD ./Drivers/STM32F1xx_HAL_Driver/Src/stm32f1xx_hal_tim_ex.o
LOAD ./Drivers/STM32F1xx_HAL_Driver/Src/stm32f1xx_hal_uart.o
START GROUP
LOAD c:/st/stm32cubeide_1.9.0/stm32cubeide/plugins/com.st.stm32cube.ide.mcu.externaltools.gnu-tools-for-stm32.10.3-2021.10.win32_1.0.100.202210260954/tools/bin/../lib/gcc/arm-none-eabi/10.3.1/../../../../arm-none-eabi/lib/thumb/v7-m/nofp\libstdc++_nano.a
LOAD c:/st/stm32cubeide_1.9.0/stm32cubeide/plugins/com.st.stm32cube.ide.mcu.externaltools.gnu-tools-for-stm32.10.3-2021.10.win32_1.0.100.202210260954/tools/bin/../lib/gcc/arm-none-eabi/10.3.1/../../../../arm-none-eabi/lib/thumb/v7-m/nofp\libsupc++_nano.a
END GROUP
LOAD c:/st/stm32cubeide_1.9.0/stm32cubeide/plugins/com.st.stm32cube.ide.mcu.externaltools.gnu-tools-for-stm32.10.3-2021.10.win32_1.0.100.202210260954/tools/bin/../lib/gcc/arm-none-eabi/10.3.1/../../../../arm-none-eabi/lib/thumb/v7-m/nofp\libstdc++_nano.a
LOAD c:/st/stm32cubeide_1.9.0/stm32cubeide/plugins/com.st.stm32cube.ide.mcu.externaltools.gnu-tools-for-stm32.10.3-2021.10.win32_1.0.100.202210260954/tools/bin/../lib/gcc/arm-none-eabi/10.3.1/../../../../arm-none-eabi/lib/thumb/v7-m/nofp\libm.a
LOAD c:/st/stm32cubeide_1.9.0/stm32cubeide/plugins/com.st.stm32cube.ide.mcu.externaltools.gnu-tools-for-stm32.10.3-2021.10.win32_1.0.100.202210260954/tools/bin/../lib/gcc/arm-none-eabi/10.3.1/../../../../arm-none-eabi/lib/thumb/v7-m/nofp\libc_nano.a
START GROUP
LOAD c:/st/stm32cubeide_1.9.0/stm32cubeide/plugins/com.st.stm32cube.ide.mcu.externaltools.gnu-tools-for-stm32.10.3-2021.10.win32_1.0.100.202210260954/tools/bin/../lib/gcc/arm-none-eabi/10.3.1/thumb/v7-m/nofp\libgcc.a
LOAD c:/st/stm32cubeide_1.9.0/stm32cubeide/plugins/com.st.stm32cube.ide.mcu.externaltools.gnu-tools-for-stm32.10.3-2021.10.win32_1.0.100.202210260954/tools/bin/../lib/gcc/arm-none-eabi/10.3.1/../../../../arm-none-eabi/lib/thumb/v7-m/nofp\libc_nano.a
END GROUP
START GROUP
LOAD c:/st/stm32cubeide_1.9.0/stm32cubeide/plugins/com.st.stm32cube.ide.mcu.externaltools.gnu-tools-for-stm32.10.3-2021.10.win32_1.0.100.202210260954/tools/bin/../lib/gcc/arm-none-eabi/10.3.1/thumb/v7-m/nofp\libgcc.a
LOAD c:/st/stm32cubeide_1.9.0/stm32cubeide/plugins/com.st.stm32cube.ide.mcu.externaltools.gnu-tools-for-stm32.10.3-2021.10.win32_1.0.100.202210260954/tools/bin/../lib/gcc/arm-none-eabi/10.3.1/../../../../arm-none-eabi/lib/thumb/v7-m/nofp\libc_nano.a
LOAD c:/st/stm32cubeide_1.9.0/stm32cubeide/plugins/com.st.stm32cube.ide.mcu.externaltools.gnu-tools-for-stm32.10.3-2021.10.win32_1.0.100.202210260954/tools/bin/../lib/gcc/arm-none-eabi/10.3.1/../../../../arm-none-eabi/lib/thumb/v7-m/nofp\libnosys.a
END GROUP
START GROUP
LOAD c:/st/stm32cubeide_1.9.0/stm32cubeide/plugins/com.st.stm32cube.ide.mcu.externaltools.gnu-tools-for-stm32.10.3-2021.10.win32_1.0.100.202210260954/tools/bin/../lib/gcc/arm-none-eabi/10.3.1/thumb/v7-m/nofp\libgcc.a
LOAD c:/st/stm32cubeide_1.9.0/stm32cubeide/plugins/com.st.stm32cube.ide.mcu.externaltools.gnu-tools-for-stm32.10.3-2021.10.win32_1.0.100.202210260954/tools/bin/../lib/gcc/arm-none-eabi/10.3.1/../../../../arm-none-eabi/lib/thumb/v7-m/nofp\libc_nano.a
LOAD c:/st/stm32cubeide_1.9.0/stm32cubeide/plugins/com.st.stm32cube.ide.mcu.externaltools.gnu-tools-for-stm32.10.3-2021.10.win32_1.0.100.202210260954/tools/bin/../lib/gcc/arm-none-eabi/10.3.1/../../../../arm-none-eabi/lib/thumb/v7-m/nofp\libnosys.a
END GROUP
LOAD c:/st/stm32cubeide_1.9.0/stm32cubeide/plugins/com.st.stm32cube.ide.mcu.externaltools.gnu-tools-for-stm32.10.3-2021.10.win32_1.0.100.202210260954/tools/bin/../lib/gcc/arm-none-eabi/10.3.1/thumb/v7-m/nofp/crtend.o
LOAD c:/st/stm32cubeide_1.9.0/stm32cubeide/plugins/com.st.stm32cube.ide.mcu.externaltools.gnu-tools-for-stm32.10.3-2021.10.win32_1.0.100.202210260954/tools/bin/../lib/gcc/arm-none-eabi/10.3.1/thumb/v7-m/nofp/crtn.o
                0x0000000020005000                _estack = (ORIGIN (RAM) + LENGTH (RAM))
                0x0000000000000200                _Min_Heap_Size = 0x200
                0x0000000000000400                _Min_Stack_Size = 0x400

.isr_vector     0x0000000008000000      0x10c
                0x0000000008000000                . = ALIGN (0x4)
 *(.isr_vector)
 .isr_vector    0x0000000008000000      0x10c ./Core/Startup/startup_stm32f103c8tx.o
                0x0000000008000000                g_pfnVectors
                0x000000000800010c                . = ALIGN (0x4)

.text           0x000000000800010c     0x2790
                0x000000000800010c                . = ALIGN (0x4)
 *(.text)
 .text          0x000000000800010c       0x40 c:/st/stm32cubeide_1.9.0/stm32cubeide/plugins/com.st.stm32cube.ide.mcu.externaltools.gnu-tools-for-stm32.10.3-2021.10.win32_1.0.100.202210260954/tools/bin/../lib/gcc/arm-none-eabi/10.3.1/thumb/v7-m/nofp/crtbegin.o
 *(.text*)
 .text.main     0x000000000800014c       0x22 ./Core/Src/main.o
                0x000000000800014c                main
 .text.SystemClock_Config
                0x000000000800016e       0x8a ./Core/Src/main.o
                0x000000000800016e                SystemClock_Config
 .text.MX_CAN_Init
                0x00000000080001f8       0x6c ./Core/Src/main.o
 .text.MX_USART1_UART_Init
                0x0000000008000264       0x54 ./Core/Src/main.o
 .text.MX_GPIO_Init
                0x00000000080002b8      0x138 ./Core/Src/main.o
 .text.Error_Handler
                0x00000000080003f0        0xa ./Core/Src/main.o
                0x00000000080003f0                Error_Handler
 *fill*         0x00000000080003fa        0x2 
 .text.HAL_MspInit
                0x00000000080003fc       0x64 ./Core/Src/stm32f1xx_hal_msp.o
                0x00000000080003fc                HAL_MspInit
 .text.HAL_CAN_MspInit
                0x0000000008000460       0xe0 ./Core/Src/stm32f1xx_hal_msp.o
                0x0000000008000460                HAL_CAN_MspInit
 .text.HAL_UART_MspInit
                0x0000000008000540       0xb4 ./Core/Src/stm32f1xx_hal_msp.o
                0x0000000008000540                HAL_UART_MspInit
 .text.NMI_Handler
                0x00000000080005f4        0x6 ./Core/Src/stm32f1xx_it.o
                0x00000000080005f4                NMI_Handler
 .text.HardFault_Handler
                0x00000000080005fa        0x6 ./Core/Src/stm32f1xx_it.o
                0x00000000080005fa                HardFault_Handler
 .text.MemManage_Handler
                0x0000000008000600        0x6 ./Core/Src/stm32f1xx_it.o
                0x0000000008000600                MemManage_Handler
 .text.BusFault_Handler
                0x0000000008000606        0x6 ./Core/Src/stm32f1xx_it.o
                0x0000000008000606                BusFault_Handler
 .text.UsageFault_Handler
                0x000000000800060c        0x6 ./Core/Src/stm32f1xx_it.o
                0x000000000800060c                UsageFault_Handler
 .text.SVC_Handler
                0x0000000008000612        0xc ./Core/Src/stm32f1xx_it.o
                0x0000000008000612                SVC_Handler
 .text.DebugMon_Handler
                0x000000000800061e        0xc ./Core/Src/stm32f1xx_it.o
                0x000000000800061e                DebugMon_Handler
 .text.PendSV_Handler
                0x000000000800062a        0xc ./Core/Src/stm32f1xx_it.o
                0x000000000800062a                PendSV_Handler
 .text.SysTick_Handler
                0x0000000008000636        0xc ./Core/Src/stm32f1xx_it.o
                0x0000000008000636                SysTick_Handler
 *fill*         0x0000000008000642        0x2 
 .text.USB_LP_CAN1_RX0_IRQHandler
                0x0000000008000644       0x14 ./Core/Src/stm32f1xx_it.o
                0x0000000008000644                USB_LP_CAN1_RX0_IRQHandler
 .text.CAN1_RX1_IRQHandler
                0x0000000008000658       0x14 ./Core/Src/stm32f1xx_it.o
                0x0000000008000658                CAN1_RX1_IRQHandler
 .text.EXTI15_10_IRQHandler
                0x000000000800066c       0x10 ./Core/Src/stm32f1xx_it.o
                0x000000000800066c                EXTI15_10_IRQHandler
 .text.SystemInit
                0x000000000800067c        0xc ./Core/Src/system_stm32f1xx.o
                0x000000000800067c                SystemInit
 .text._ZN7CanCtrl4initEv
                0x0000000008000688       0x60 ./Core/Src/wrapper.o
                0x0000000008000688                CanCtrl::init()
 .text._ZN7CanCtrl5CanrxERmPh
                0x00000000080006e8       0x74 ./Core/Src/wrapper.o
                0x00000000080006e8                CanCtrl::Canrx(unsigned long&, unsigned char*)
 .text._ZN8solenoid12value_updateEh
                0x000000000800075c       0x56 ./Core/Src/wrapper.o
                0x000000000800075c                solenoid::value_update(unsigned char)
 .text._ZN8solenoid8safty_OKEv
                0x00000000080007b2       0x28 ./Core/Src/wrapper.o
                0x00000000080007b2                solenoid::safty_OK()
 .text._ZN8solenoid11safty_ERROREv
                0x00000000080007da       0x20 ./Core/Src/wrapper.o
                0x00000000080007da                solenoid::safty_ERROR()
 .text._ZN8solenoid3EMSEv
                0x00000000080007fa       0x20 ./Core/Src/wrapper.o
                0x00000000080007fa                solenoid::EMS()
 *fill*         0x000000000800081a        0x2 
 .text._ZN9SolenCtrl4initEv
                0x000000000800081c       0x80 ./Core/Src/wrapper.o
                0x000000000800081c                SolenCtrl::init()
 .text._ZN9SolenCtrl6updateEmPh
                0x000000000800089c       0x78 ./Core/Src/wrapper.o
                0x000000000800089c                SolenCtrl::update(unsigned long, unsigned char*)
 .text._ZN9SolenCtrl11get_pre_EMSEv
                0x0000000008000914       0x16 ./Core/Src/wrapper.o
                0x0000000008000914                SolenCtrl::get_pre_EMS()
 .text._ZN9SolenCtrl11set_pre_EMSE17HAL_StatusTypeDef
                0x000000000800092a       0x1e ./Core/Src/wrapper.o
                0x000000000800092a                SolenCtrl::set_pre_EMS(HAL_StatusTypeDef)
 .text._ZN9SolenCtrl8EMS_downEv
                0x0000000008000948       0x58 ./Core/Src/wrapper.o
                0x0000000008000948                SolenCtrl::EMS_down()
 .text._ZN9SolenCtrl14check_Safty_OKEv
                0x00000000080009a0       0x40 ./Core/Src/wrapper.o
                0x00000000080009a0                SolenCtrl::check_Safty_OK()
 .text._ZN9SolenCtrl17check_Safty_ERROREv
                0x00000000080009e0       0x32 ./Core/Src/wrapper.o
                0x00000000080009e0                SolenCtrl::check_Safty_ERROR()
 *fill*         0x0000000008000a12        0x2 
 .text._ZN8solenoidC2Ev
                0x0000000008000a14       0x24 ./Core/Src/wrapper.o
                0x0000000008000a14                solenoid::solenoid()
                0x0000000008000a14                solenoid::solenoid()
 .text._ZN9SolenCtrlC2Ev
                0x0000000008000a38       0x30 ./Core/Src/wrapper.o
                0x0000000008000a38                SolenCtrl::SolenCtrl()
                0x0000000008000a38                SolenCtrl::SolenCtrl()
 .text.HAL_CAN_RxFifo0MsgPendingCallback
                0x0000000008000a68       0x68 ./Core/Src/wrapper.o
                0x0000000008000a68                HAL_CAN_RxFifo0MsgPendingCallback
 .text.HAL_GPIO_EXTI_Callback
                0x0000000008000ad0       0x48 ./Core/Src/wrapper.o
                0x0000000008000ad0                HAL_GPIO_EXTI_Callback
 .text.main_cpp
                0x0000000008000b18      0x14c ./Core/Src/wrapper.o
                0x0000000008000b18                main_cpp
 .text._Z41__static_initialization_and_destruction_0ii
                0x0000000008000c64       0x2c ./Core/Src/wrapper.o
 .text._GLOBAL__sub_I__ZN7CanCtrl4initEv
                0x0000000008000c90       0x10 ./Core/Src/wrapper.o
 .text.Reset_Handler
                0x0000000008000ca0       0x48 ./Core/Startup/startup_stm32f103c8tx.o
                0x0000000008000ca0                Reset_Handler
 .text.Default_Handler
                0x0000000008000ce8        0x2 ./Core/Startup/startup_stm32f103c8tx.o
                0x0000000008000ce8                RTC_Alarm_IRQHandler
                0x0000000008000ce8                EXTI2_IRQHandler
                0x0000000008000ce8                TIM1_CC_IRQHandler
                0x0000000008000ce8                PVD_IRQHandler
                0x0000000008000ce8                EXTI3_IRQHandler
                0x0000000008000ce8                EXTI0_IRQHandler
                0x0000000008000ce8                I2C2_EV_IRQHandler
                0x0000000008000ce8                ADC1_2_IRQHandler
                0x0000000008000ce8                SPI1_IRQHandler
                0x0000000008000ce8                TAMPER_IRQHandler
                0x0000000008000ce8                DMA1_Channel4_IRQHandler
                0x0000000008000ce8                USART3_IRQHandler
                0x0000000008000ce8                RTC_IRQHandler
                0x0000000008000ce8                DMA1_Channel7_IRQHandler
                0x0000000008000ce8                TIM4_IRQHandler
                0x0000000008000ce8                I2C1_EV_IRQHandler
                0x0000000008000ce8                DMA1_Channel6_IRQHandler
                0x0000000008000ce8                TIM3_IRQHandler
                0x0000000008000ce8                RCC_IRQHandler
                0x0000000008000ce8                TIM1_TRG_COM_IRQHandler
                0x0000000008000ce8                DMA1_Channel1_IRQHandler
                0x0000000008000ce8                Default_Handler
                0x0000000008000ce8                EXTI9_5_IRQHandler
                0x0000000008000ce8                SPI2_IRQHandler
                0x0000000008000ce8                DMA1_Channel5_IRQHandler
                0x0000000008000ce8                EXTI4_IRQHandler
                0x0000000008000ce8                USB_HP_CAN1_TX_IRQHandler
                0x0000000008000ce8                DMA1_Channel3_IRQHandler
                0x0000000008000ce8                TIM1_UP_IRQHandler
                0x0000000008000ce8                WWDG_IRQHandler
                0x0000000008000ce8                TIM2_IRQHandler
                0x0000000008000ce8                TIM1_BRK_IRQHandler
                0x0000000008000ce8                EXTI1_IRQHandler
                0x0000000008000ce8                USART2_IRQHandler
                0x0000000008000ce8                I2C2_ER_IRQHandler
                0x0000000008000ce8                DMA1_Channel2_IRQHandler
                0x0000000008000ce8                CAN1_SCE_IRQHandler
                0x0000000008000ce8                FLASH_IRQHandler
                0x0000000008000ce8                USART1_IRQHandler
                0x0000000008000ce8                I2C1_ER_IRQHandler
                0x0000000008000ce8                USBWakeUp_IRQHandler
 *fill*         0x0000000008000cea        0x2 
 .text.HAL_Init
                0x0000000008000cec       0x2c ./Drivers/STM32F1xx_HAL_Driver/Src/stm32f1xx_hal.o
                0x0000000008000cec                HAL_Init
 .text.HAL_InitTick
                0x0000000008000d18       0x60 ./Drivers/STM32F1xx_HAL_Driver/Src/stm32f1xx_hal.o
                0x0000000008000d18                HAL_InitTick
 .text.HAL_IncTick
                0x0000000008000d78       0x24 ./Drivers/STM32F1xx_HAL_Driver/Src/stm32f1xx_hal.o
                0x0000000008000d78                HAL_IncTick
 .text.HAL_GetTick
                0x0000000008000d9c       0x14 ./Drivers/STM32F1xx_HAL_Driver/Src/stm32f1xx_hal.o
                0x0000000008000d9c                HAL_GetTick
 .text.HAL_Delay
                0x0000000008000db0       0x48 ./Drivers/STM32F1xx_HAL_Driver/Src/stm32f1xx_hal.o
                0x0000000008000db0                HAL_Delay
 .text.HAL_CAN_Init
                0x0000000008000df8      0x1f6 ./Drivers/STM32F1xx_HAL_Driver/Src/stm32f1xx_hal_can.o
                0x0000000008000df8                HAL_CAN_Init
 .text.HAL_CAN_ConfigFilter
                0x0000000008000fee      0x192 ./Drivers/STM32F1xx_HAL_Driver/Src/stm32f1xx_hal_can.o
                0x0000000008000fee                HAL_CAN_ConfigFilter
 .text.HAL_CAN_Start
                0x0000000008001180       0x88 ./Drivers/STM32F1xx_HAL_Driver/Src/stm32f1xx_hal_can.o
                0x0000000008001180                HAL_CAN_Start
 .text.HAL_CAN_GetRxMessage
                0x0000000008001208      0x222 ./Drivers/STM32F1xx_HAL_Driver/Src/stm32f1xx_hal_can.o
                0x0000000008001208                HAL_CAN_GetRxMessage
 .text.HAL_CAN_ActivateNotification
                0x000000000800142a       0x4a ./Drivers/STM32F1xx_HAL_Driver/Src/stm32f1xx_hal_can.o
                0x000000000800142a                HAL_CAN_ActivateNotification
 .text.HAL_CAN_IRQHandler
                0x0000000008001474      0x36e ./Drivers/STM32F1xx_HAL_Driver/Src/stm32f1xx_hal_can.o
                0x0000000008001474                HAL_CAN_IRQHandler
 .text.HAL_CAN_TxMailbox0CompleteCallback
                0x00000000080017e2       0x12 ./Drivers/STM32F1xx_HAL_Driver/Src/stm32f1xx_hal_can.o
                0x00000000080017e2                HAL_CAN_TxMailbox0CompleteCallback
 .text.HAL_CAN_TxMailbox1CompleteCallback
                0x00000000080017f4       0x12 ./Drivers/STM32F1xx_HAL_Driver/Src/stm32f1xx_hal_can.o
                0x00000000080017f4                HAL_CAN_TxMailbox1CompleteCallback
 .text.HAL_CAN_TxMailbox2CompleteCallback
                0x0000000008001806       0x12 ./Drivers/STM32F1xx_HAL_Driver/Src/stm32f1xx_hal_can.o
                0x0000000008001806                HAL_CAN_TxMailbox2CompleteCallback
 .text.HAL_CAN_TxMailbox0AbortCallback
                0x0000000008001818       0x12 ./Drivers/STM32F1xx_HAL_Driver/Src/stm32f1xx_hal_can.o
                0x0000000008001818                HAL_CAN_TxMailbox0AbortCallback
 .text.HAL_CAN_TxMailbox1AbortCallback
                0x000000000800182a       0x12 ./Drivers/STM32F1xx_HAL_Driver/Src/stm32f1xx_hal_can.o
                0x000000000800182a                HAL_CAN_TxMailbox1AbortCallback
 .text.HAL_CAN_TxMailbox2AbortCallback
                0x000000000800183c       0x12 ./Drivers/STM32F1xx_HAL_Driver/Src/stm32f1xx_hal_can.o
                0x000000000800183c                HAL_CAN_TxMailbox2AbortCallback
 .text.HAL_CAN_RxFifo0FullCallback
                0x000000000800184e       0x12 ./Drivers/STM32F1xx_HAL_Driver/Src/stm32f1xx_hal_can.o
                0x000000000800184e                HAL_CAN_RxFifo0FullCallback
 .text.HAL_CAN_RxFifo1MsgPendingCallback
                0x0000000008001860       0x12 ./Drivers/STM32F1xx_HAL_Driver/Src/stm32f1xx_hal_can.o
                0x0000000008001860                HAL_CAN_RxFifo1MsgPendingCallback
 .text.HAL_CAN_RxFifo1FullCallback
                0x0000000008001872       0x12 ./Drivers/STM32F1xx_HAL_Driver/Src/stm32f1xx_hal_can.o
                0x0000000008001872                HAL_CAN_RxFifo1FullCallback
 .text.HAL_CAN_SleepCallback
                0x0000000008001884       0x12 ./Drivers/STM32F1xx_HAL_Driver/Src/stm32f1xx_hal_can.o
                0x0000000008001884                HAL_CAN_SleepCallback
 .text.HAL_CAN_WakeUpFromRxMsgCallback
                0x0000000008001896       0x12 ./Drivers/STM32F1xx_HAL_Driver/Src/stm32f1xx_hal_can.o
                0x0000000008001896                HAL_CAN_WakeUpFromRxMsgCallback
 .text.HAL_CAN_ErrorCallback
                0x00000000080018a8       0x12 ./Drivers/STM32F1xx_HAL_Driver/Src/stm32f1xx_hal_can.o
                0x00000000080018a8                HAL_CAN_ErrorCallback
 *fill*         0x00000000080018ba        0x2 
 .text.__NVIC_SetPriorityGrouping
                0x00000000080018bc       0x48 ./Drivers/STM32F1xx_HAL_Driver/Src/stm32f1xx_hal_cortex.o
 .text.__NVIC_GetPriorityGrouping
                0x0000000008001904       0x1c ./Drivers/STM32F1xx_HAL_Driver/Src/stm32f1xx_hal_cortex.o
 .text.__NVIC_EnableIRQ
                0x0000000008001920       0x38 ./Drivers/STM32F1xx_HAL_Driver/Src/stm32f1xx_hal_cortex.o
 .text.__NVIC_SetPriority
                0x0000000008001958       0x54 ./Drivers/STM32F1xx_HAL_Driver/Src/stm32f1xx_hal_cortex.o
 .text.NVIC_EncodePriority
                0x00000000080019ac       0x64 ./Drivers/STM32F1xx_HAL_Driver/Src/stm32f1xx_hal_cortex.o
 .text.SysTick_Config
                0x0000000008001a10       0x44 ./Drivers/STM32F1xx_HAL_Driver/Src/stm32f1xx_hal_cortex.o
 .text.HAL_NVIC_SetPriorityGrouping
                0x0000000008001a54       0x16 ./Drivers/STM32F1xx_HAL_Driver/Src/stm32f1xx_hal_cortex.o
                0x0000000008001a54                HAL_NVIC_SetPriorityGrouping
 .text.HAL_NVIC_SetPriority
                0x0000000008001a6a       0x38 ./Drivers/STM32F1xx_HAL_Driver/Src/stm32f1xx_hal_cortex.o
                0x0000000008001a6a                HAL_NVIC_SetPriority
 .text.HAL_NVIC_EnableIRQ
                0x0000000008001aa2       0x1c ./Drivers/STM32F1xx_HAL_Driver/Src/stm32f1xx_hal_cortex.o
                0x0000000008001aa2                HAL_NVIC_EnableIRQ
 .text.HAL_SYSTICK_Config
                0x0000000008001abe       0x18 ./Drivers/STM32F1xx_HAL_Driver/Src/stm32f1xx_hal_cortex.o
                0x0000000008001abe                HAL_SYSTICK_Config
 *fill*         0x0000000008001ad6        0x2 
 .text.HAL_GPIO_Init
                0x0000000008001ad8      0x308 ./Drivers/STM32F1xx_HAL_Driver/Src/stm32f1xx_hal_gpio.o
                0x0000000008001ad8                HAL_GPIO_Init
 .text.HAL_GPIO_WritePin
                0x0000000008001de0       0x30 ./Drivers/STM32F1xx_HAL_Driver/Src/stm32f1xx_hal_gpio.o
                0x0000000008001de0                HAL_GPIO_WritePin
 .text.HAL_GPIO_EXTI_IRQHandler
                0x0000000008001e10       0x30 ./Drivers/STM32F1xx_HAL_Driver/Src/stm32f1xx_hal_gpio.o
                0x0000000008001e10                HAL_GPIO_EXTI_IRQHandler
 .text.HAL_RCC_OscConfig
                0x0000000008001e40      0x504 ./Drivers/STM32F1xx_HAL_Driver/Src/stm32f1xx_hal_rcc.o
                0x0000000008001e40                HAL_RCC_OscConfig
 .text.HAL_RCC_ClockConfig
                0x0000000008002344      0x1d4 ./Drivers/STM32F1xx_HAL_Driver/Src/stm32f1xx_hal_rcc.o
                0x0000000008002344                HAL_RCC_ClockConfig
 .text.HAL_RCC_GetSysClockFreq
                0x0000000008002518       0xbc ./Drivers/STM32F1xx_HAL_Driver/Src/stm32f1xx_hal_rcc.o
                0x0000000008002518                HAL_RCC_GetSysClockFreq
 .text.HAL_RCC_GetHCLKFreq
                0x00000000080025d4       0x14 ./Drivers/STM32F1xx_HAL_Driver/Src/stm32f1xx_hal_rcc.o
                0x00000000080025d4                HAL_RCC_GetHCLKFreq
 .text.HAL_RCC_GetPCLK1Freq
                0x00000000080025e8       0x28 ./Drivers/STM32F1xx_HAL_Driver/Src/stm32f1xx_hal_rcc.o
                0x00000000080025e8                HAL_RCC_GetPCLK1Freq
 .text.HAL_RCC_GetPCLK2Freq
                0x0000000008002610       0x28 ./Drivers/STM32F1xx_HAL_Driver/Src/stm32f1xx_hal_rcc.o
                0x0000000008002610                HAL_RCC_GetPCLK2Freq
 .text.RCC_Delay
                0x0000000008002638       0x3c ./Drivers/STM32F1xx_HAL_Driver/Src/stm32f1xx_hal_rcc.o
 .text.HAL_UART_Init
                0x0000000008002674       0x9a ./Drivers/STM32F1xx_HAL_Driver/Src/stm32f1xx_hal_uart.o
                0x0000000008002674                HAL_UART_Init
 *fill*         0x000000000800270e        0x2 
 .text.UART_SetConfig
                0x0000000008002710      0x11c ./Drivers/STM32F1xx_HAL_Driver/Src/stm32f1xx_hal_uart.o
 .text.__libc_init_array
                0x000000000800282c       0x48 c:/st/stm32cubeide_1.9.0/stm32cubeide/plugins/com.st.stm32cube.ide.mcu.externaltools.gnu-tools-for-stm32.10.3-2021.10.win32_1.0.100.202210260954/tools/bin/../lib/gcc/arm-none-eabi/10.3.1/../../../../arm-none-eabi/lib/thumb/v7-m/nofp\libc_nano.a(lib_a-init.o)
                0x000000000800282c                __libc_init_array
 .text.memset   0x0000000008002874       0x10 c:/st/stm32cubeide_1.9.0/stm32cubeide/plugins/com.st.stm32cube.ide.mcu.externaltools.gnu-tools-for-stm32.10.3-2021.10.win32_1.0.100.202210260954/tools/bin/../lib/gcc/arm-none-eabi/10.3.1/../../../../arm-none-eabi/lib/thumb/v7-m/nofp\libc_nano.a(lib_a-memset.o)
                0x0000000008002874                memset
 *(.glue_7)
 .glue_7        0x0000000008002884        0x0 linker stubs
 *(.glue_7t)
 .glue_7t       0x0000000008002884        0x0 linker stubs
 *(.eh_frame)
 .eh_frame      0x0000000008002884        0x0 c:/st/stm32cubeide_1.9.0/stm32cubeide/plugins/com.st.stm32cube.ide.mcu.externaltools.gnu-tools-for-stm32.10.3-2021.10.win32_1.0.100.202210260954/tools/bin/../lib/gcc/arm-none-eabi/10.3.1/thumb/v7-m/nofp/crtbegin.o
 *(.init)
 .init          0x0000000008002884        0x4 c:/st/stm32cubeide_1.9.0/stm32cubeide/plugins/com.st.stm32cube.ide.mcu.externaltools.gnu-tools-for-stm32.10.3-2021.10.win32_1.0.100.202210260954/tools/bin/../lib/gcc/arm-none-eabi/10.3.1/thumb/v7-m/nofp/crti.o
                0x0000000008002884                _init
 .init          0x0000000008002888        0x8 c:/st/stm32cubeide_1.9.0/stm32cubeide/plugins/com.st.stm32cube.ide.mcu.externaltools.gnu-tools-for-stm32.10.3-2021.10.win32_1.0.100.202210260954/tools/bin/../lib/gcc/arm-none-eabi/10.3.1/thumb/v7-m/nofp/crtn.o
 *(.fini)
 .fini          0x0000000008002890        0x4 c:/st/stm32cubeide_1.9.0/stm32cubeide/plugins/com.st.stm32cube.ide.mcu.externaltools.gnu-tools-for-stm32.10.3-2021.10.win32_1.0.100.202210260954/tools/bin/../lib/gcc/arm-none-eabi/10.3.1/thumb/v7-m/nofp/crti.o
                0x0000000008002890                _fini
 .fini          0x0000000008002894        0x8 c:/st/stm32cubeide_1.9.0/stm32cubeide/plugins/com.st.stm32cube.ide.mcu.externaltools.gnu-tools-for-stm32.10.3-2021.10.win32_1.0.100.202210260954/tools/bin/../lib/gcc/arm-none-eabi/10.3.1/thumb/v7-m/nofp/crtn.o
                0x000000000800289c                . = ALIGN (0x4)
                0x000000000800289c                _etext = .

.vfp11_veneer   0x000000000800289c        0x0
 .vfp11_veneer  0x000000000800289c        0x0 linker stubs

.v4_bx          0x000000000800289c        0x0
 .v4_bx         0x000000000800289c        0x0 linker stubs

.iplt           0x000000000800289c        0x0
 .iplt          0x000000000800289c        0x0 c:/st/stm32cubeide_1.9.0/stm32cubeide/plugins/com.st.stm32cube.ide.mcu.externaltools.gnu-tools-for-stm32.10.3-2021.10.win32_1.0.100.202210260954/tools/bin/../lib/gcc/arm-none-eabi/10.3.1/thumb/v7-m/nofp/crtbegin.o

.rodata         0x000000000800289c       0x28
                0x000000000800289c                . = ALIGN (0x4)
 *(.rodata)
 .rodata        0x000000000800289c       0x10 ./Drivers/STM32F1xx_HAL_Driver/Src/stm32f1xx_hal_rcc.o
 *(.rodata*)
 .rodata.AHBPrescTable
                0x00000000080028ac       0x10 ./Core/Src/system_stm32f1xx.o
                0x00000000080028ac                AHBPrescTable
 .rodata.APBPrescTable
                0x00000000080028bc        0x8 ./Core/Src/system_stm32f1xx.o
                0x00000000080028bc                APBPrescTable
                0x00000000080028c4                . = ALIGN (0x4)

.rel.dyn        0x00000000080028c4        0x0
 .rel.iplt      0x00000000080028c4        0x0 c:/st/stm32cubeide_1.9.0/stm32cubeide/plugins/com.st.stm32cube.ide.mcu.externaltools.gnu-tools-for-stm32.10.3-2021.10.win32_1.0.100.202210260954/tools/bin/../lib/gcc/arm-none-eabi/10.3.1/thumb/v7-m/nofp/crtbegin.o

.ARM.extab      0x00000000080028c4        0x0
                0x00000000080028c4                . = ALIGN (0x4)
 *(.ARM.extab* .gnu.linkonce.armextab.*)
                0x00000000080028c4                . = ALIGN (0x4)

.ARM            0x00000000080028c4        0x0
                0x00000000080028c4                . = ALIGN (0x4)
                0x00000000080028c4                __exidx_start = .
 *(.ARM.exidx*)
                0x00000000080028c4                __exidx_end = .
                0x00000000080028c4                . = ALIGN (0x4)

.preinit_array  0x00000000080028c4        0x0
                0x00000000080028c4                . = ALIGN (0x4)
                0x00000000080028c4                PROVIDE (__preinit_array_start = .)
 *(.preinit_array*)
                0x00000000080028c4                PROVIDE (__preinit_array_end = .)
                0x00000000080028c4                . = ALIGN (0x4)

.init_array     0x00000000080028c4        0x8
                0x00000000080028c4                . = ALIGN (0x4)
                0x00000000080028c4                PROVIDE (__init_array_start = .)
 *(SORT_BY_NAME(.init_array.*))
 *(.init_array*)
 .init_array    0x00000000080028c4        0x4 c:/st/stm32cubeide_1.9.0/stm32cubeide/plugins/com.st.stm32cube.ide.mcu.externaltools.gnu-tools-for-stm32.10.3-2021.10.win32_1.0.100.202210260954/tools/bin/../lib/gcc/arm-none-eabi/10.3.1/thumb/v7-m/nofp/crtbegin.o
 .init_array    0x00000000080028c8        0x4 ./Core/Src/wrapper.o
                0x00000000080028cc                PROVIDE (__init_array_end = .)
                0x00000000080028cc                . = ALIGN (0x4)

.fini_array     0x00000000080028cc        0x4
                0x00000000080028cc                . = ALIGN (0x4)
                [!provide]                        PROVIDE (__fini_array_start = .)
 *(SORT_BY_NAME(.fini_array.*))
 *(.fini_array*)
 .fini_array    0x00000000080028cc        0x4 c:/st/stm32cubeide_1.9.0/stm32cubeide/plugins/com.st.stm32cube.ide.mcu.externaltools.gnu-tools-for-stm32.10.3-2021.10.win32_1.0.100.202210260954/tools/bin/../lib/gcc/arm-none-eabi/10.3.1/thumb/v7-m/nofp/crtbegin.o
                [!provide]                        PROVIDE (__fini_array_end = .)
                0x00000000080028d0                . = ALIGN (0x4)
                0x00000000080028d0                _sidata = LOADADDR (.data)

.data           0x0000000020000000        0xc load address 0x00000000080028d0
                0x0000000020000000                . = ALIGN (0x4)
                0x0000000020000000                _sdata = .
 *(.data)
 *(.data*)
 .data.SystemCoreClock
                0x0000000020000000        0x4 ./Core/Src/system_stm32f1xx.o
                0x0000000020000000                SystemCoreClock
 .data.uwTickPrio
                0x0000000020000004        0x4 ./Drivers/STM32F1xx_HAL_Driver/Src/stm32f1xx_hal.o
                0x0000000020000004                uwTickPrio
 .data.uwTickFreq
                0x0000000020000008        0x1 ./Drivers/STM32F1xx_HAL_Driver/Src/stm32f1xx_hal.o
                0x0000000020000008                uwTickFreq
 *(.RamFunc)
 *(.RamFunc*)
                0x000000002000000c                . = ALIGN (0x4)
 *fill*         0x0000000020000009        0x3 
                0x000000002000000c                _edata = .

.igot.plt       0x000000002000000c        0x0 load address 0x00000000080028dc
 .igot.plt      0x000000002000000c        0x0 c:/st/stm32cubeide_1.9.0/stm32cubeide/plugins/com.st.stm32cube.ide.mcu.externaltools.gnu-tools-for-stm32.10.3-2021.10.win32_1.0.100.202210260954/tools/bin/../lib/gcc/arm-none-eabi/10.3.1/thumb/v7-m/nofp/crtbegin.o
                0x000000002000000c                . = ALIGN (0x4)

.bss            0x000000002000000c      0x14c load address 0x00000000080028dc
                0x000000002000000c                _sbss = .
                0x000000002000000c                __bss_start__ = _sbss
 *(.bss)
 .bss           0x000000002000000c       0x1c c:/st/stm32cubeide_1.9.0/stm32cubeide/plugins/com.st.stm32cube.ide.mcu.externaltools.gnu-tools-for-stm32.10.3-2021.10.win32_1.0.100.202210260954/tools/bin/../lib/gcc/arm-none-eabi/10.3.1/thumb/v7-m/nofp/crtbegin.o
 *(.bss*)
 .bss.hcan      0x0000000020000028       0x28 ./Core/Src/main.o
                0x0000000020000028                hcan
 .bss.huart1    0x0000000020000050       0x44 ./Core/Src/main.o
                0x0000000020000050                huart1
 .bss.Can       0x0000000020000094       0x4c ./Core/Src/wrapper.o
                0x0000000020000094                Can
 .bss.Solen     0x00000000200000e0       0x74 ./Core/Src/wrapper.o
                0x00000000200000e0                Solen
 .bss.uwTick    0x0000000020000154        0x4 ./Drivers/STM32F1xx_HAL_Driver/Src/stm32f1xx_hal.o
                0x0000000020000154                uwTick
 *(COMMON)
                0x0000000020000158                . = ALIGN (0x4)
                0x0000000020000158                _ebss = .
                0x0000000020000158                __bss_end__ = _ebss

._user_heap_stack
                0x0000000020000158      0x600 load address 0x00000000080028dc
                0x0000000020000158                . = ALIGN (0x8)
                [!provide]                        PROVIDE (end = .)
                0x0000000020000158                PROVIDE (_end = .)
                0x0000000020000358                . = (. + _Min_Heap_Size)
 *fill*         0x0000000020000158      0x200 
                0x0000000020000758                . = (. + _Min_Stack_Size)
 *fill*         0x0000000020000358      0x400 
                0x0000000020000758                . = ALIGN (0x8)

/DISCARD/
 libc.a(*)
 libm.a(*)
 libgcc.a(*)

.ARM.attributes
                0x0000000000000000       0x29
 *(.ARM.attributes)
 .ARM.attributes
                0x0000000000000000       0x1d c:/st/stm32cubeide_1.9.0/stm32cubeide/plugins/com.st.stm32cube.ide.mcu.externaltools.gnu-tools-for-stm32.10.3-2021.10.win32_1.0.100.202210260954/tools/bin/../lib/gcc/arm-none-eabi/10.3.1/thumb/v7-m/nofp/crti.o
 .ARM.attributes
                0x000000000000001d       0x2d c:/st/stm32cubeide_1.9.0/stm32cubeide/plugins/com.st.stm32cube.ide.mcu.externaltools.gnu-tools-for-stm32.10.3-2021.10.win32_1.0.100.202210260954/tools/bin/../lib/gcc/arm-none-eabi/10.3.1/thumb/v7-m/nofp/crtbegin.o
 .ARM.attributes
                0x000000000000004a       0x2d ./Core/Src/main.o
 .ARM.attributes
                0x0000000000000077       0x2d ./Core/Src/stm32f1xx_hal_msp.o
 .ARM.attributes
                0x00000000000000a4       0x2d ./Core/Src/stm32f1xx_it.o
 .ARM.attributes
                0x00000000000000d1       0x2d ./Core/Src/system_stm32f1xx.o
 .ARM.attributes
                0x00000000000000fe       0x2d ./Core/Src/wrapper.o
 .ARM.attributes
                0x000000000000012b       0x21 ./Core/Startup/startup_stm32f103c8tx.o
 .ARM.attributes
                0x000000000000014c       0x2d ./Drivers/STM32F1xx_HAL_Driver/Src/stm32f1xx_hal.o
 .ARM.attributes
                0x0000000000000179       0x2d ./Drivers/STM32F1xx_HAL_Driver/Src/stm32f1xx_hal_can.o
 .ARM.attributes
                0x00000000000001a6       0x2d ./Drivers/STM32F1xx_HAL_Driver/Src/stm32f1xx_hal_cortex.o
 .ARM.attributes
                0x00000000000001d3       0x2d ./Drivers/STM32F1xx_HAL_Driver/Src/stm32f1xx_hal_gpio.o
 .ARM.attributes
                0x0000000000000200       0x2d ./Drivers/STM32F1xx_HAL_Driver/Src/stm32f1xx_hal_rcc.o
 .ARM.attributes
                0x000000000000022d       0x2d ./Drivers/STM32F1xx_HAL_Driver/Src/stm32f1xx_hal_uart.o
 .ARM.attributes
                0x000000000000025a       0x2d c:/st/stm32cubeide_1.9.0/stm32cubeide/plugins/com.st.stm32cube.ide.mcu.externaltools.gnu-tools-for-stm32.10.3-2021.10.win32_1.0.100.202210260954/tools/bin/../lib/gcc/arm-none-eabi/10.3.1/../../../../arm-none-eabi/lib/thumb/v7-m/nofp\libc_nano.a(lib_a-init.o)
 .ARM.attributes
                0x0000000000000287       0x2d c:/st/stm32cubeide_1.9.0/stm32cubeide/plugins/com.st.stm32cube.ide.mcu.externaltools.gnu-tools-for-stm32.10.3-2021.10.win32_1.0.100.202210260954/tools/bin/../lib/gcc/arm-none-eabi/10.3.1/../../../../arm-none-eabi/lib/thumb/v7-m/nofp\libc_nano.a(lib_a-memset.o)
 .ARM.attributes
                0x00000000000002b4       0x1d c:/st/stm32cubeide_1.9.0/stm32cubeide/plugins/com.st.stm32cube.ide.mcu.externaltools.gnu-tools-for-stm32.10.3-2021.10.win32_1.0.100.202210260954/tools/bin/../lib/gcc/arm-none-eabi/10.3.1/thumb/v7-m/nofp/crtn.o
OUTPUT(solenoid_valve.elf elf32-littlearm)
LOAD linker stubs
LOAD c:/st/stm32cubeide_1.9.0/stm32cubeide/plugins/com.st.stm32cube.ide.mcu.externaltools.gnu-tools-for-stm32.10.3-2021.10.win32_1.0.100.202210260954/tools/bin/../lib/gcc/arm-none-eabi/10.3.1/../../../../arm-none-eabi/lib/thumb/v7-m/nofp\libc.a
LOAD c:/st/stm32cubeide_1.9.0/stm32cubeide/plugins/com.st.stm32cube.ide.mcu.externaltools.gnu-tools-for-stm32.10.3-2021.10.win32_1.0.100.202210260954/tools/bin/../lib/gcc/arm-none-eabi/10.3.1/../../../../arm-none-eabi/lib/thumb/v7-m/nofp\libm.a
LOAD c:/st/stm32cubeide_1.9.0/stm32cubeide/plugins/com.st.stm32cube.ide.mcu.externaltools.gnu-tools-for-stm32.10.3-2021.10.win32_1.0.100.202210260954/tools/bin/../lib/gcc/arm-none-eabi/10.3.1/thumb/v7-m/nofp\libgcc.a

.debug_info     0x0000000000000000     0x7b2b
 .debug_info    0x0000000000000000      0xf7d ./Core/Src/main.o
 .debug_info    0x0000000000000f7d      0xe74 ./Core/Src/stm32f1xx_hal_msp.o
 .debug_info    0x0000000000001df1      0x594 ./Core/Src/stm32f1xx_it.o
 .debug_info    0x0000000000002385      0x23d ./Core/Src/system_stm32f1xx.o
 .debug_info    0x00000000000025c2      0xeee ./Core/Src/wrapper.o
 .debug_info    0x00000000000034b0       0x22 ./Core/Startup/startup_stm32f103c8tx.o
 .debug_info    0x00000000000034d2      0x734 ./Drivers/STM32F1xx_HAL_Driver/Src/stm32f1xx_hal.o
 .debug_info    0x0000000000003c06      0xfb8 ./Drivers/STM32F1xx_HAL_Driver/Src/stm32f1xx_hal_can.o
 .debug_info    0x0000000000004bbe      0xb20 ./Drivers/STM32F1xx_HAL_Driver/Src/stm32f1xx_hal_cortex.o
 .debug_info    0x00000000000056de      0x615 ./Drivers/STM32F1xx_HAL_Driver/Src/stm32f1xx_hal_gpio.o
 .debug_info    0x0000000000005cf3      0x860 ./Drivers/STM32F1xx_HAL_Driver/Src/stm32f1xx_hal_rcc.o
 .debug_info    0x0000000000006553     0x15d8 ./Drivers/STM32F1xx_HAL_Driver/Src/stm32f1xx_hal_uart.o

.debug_abbrev   0x0000000000000000     0x194a
 .debug_abbrev  0x0000000000000000      0x2a7 ./Core/Src/main.o
 .debug_abbrev  0x00000000000002a7      0x1f4 ./Core/Src/stm32f1xx_hal_msp.o
 .debug_abbrev  0x000000000000049b      0x198 ./Core/Src/stm32f1xx_it.o
 .debug_abbrev  0x0000000000000633      0x13b ./Core/Src/system_stm32f1xx.o
 .debug_abbrev  0x000000000000076e      0x3ea ./Core/Src/wrapper.o
 .debug_abbrev  0x0000000000000b58       0x12 ./Core/Startup/startup_stm32f103c8tx.o
 .debug_abbrev  0x0000000000000b6a      0x1fb ./Drivers/STM32F1xx_HAL_Driver/Src/stm32f1xx_hal.o
 .debug_abbrev  0x0000000000000d65      0x21d ./Drivers/STM32F1xx_HAL_Driver/Src/stm32f1xx_hal_can.o
 .debug_abbrev  0x0000000000000f82      0x2ed ./Drivers/STM32F1xx_HAL_Driver/Src/stm32f1xx_hal_cortex.o
 .debug_abbrev  0x000000000000126f      0x1bb ./Drivers/STM32F1xx_HAL_Driver/Src/stm32f1xx_hal_gpio.o
 .debug_abbrev  0x000000000000142a      0x2a8 ./Drivers/STM32F1xx_HAL_Driver/Src/stm32f1xx_hal_rcc.o
 .debug_abbrev  0x00000000000016d2      0x278 ./Drivers/STM32F1xx_HAL_Driver/Src/stm32f1xx_hal_uart.o

.debug_aranges  0x0000000000000000      0x808
 .debug_aranges
                0x0000000000000000       0x48 ./Core/Src/main.o
 .debug_aranges
                0x0000000000000048       0x40 ./Core/Src/stm32f1xx_hal_msp.o
 .debug_aranges
                0x0000000000000088       0x78 ./Core/Src/stm32f1xx_it.o
 .debug_aranges
                0x0000000000000100       0x28 ./Core/Src/system_stm32f1xx.o
 .debug_aranges
                0x0000000000000128       0xb8 ./Core/Src/wrapper.o
 .debug_aranges
                0x00000000000001e0       0x28 ./Core/Startup/startup_stm32f103c8tx.o
 .debug_aranges
                0x0000000000000208       0xe0 ./Drivers/STM32F1xx_HAL_Driver/Src/stm32f1xx_hal.o
 .debug_aranges
                0x00000000000002e8      0x138 ./Drivers/STM32F1xx_HAL_Driver/Src/stm32f1xx_hal_can.o
 .debug_aranges
                0x0000000000000420      0x100 ./Drivers/STM32F1xx_HAL_Driver/Src/stm32f1xx_hal_cortex.o
 .debug_aranges
                0x0000000000000520       0x58 ./Drivers/STM32F1xx_HAL_Driver/Src/stm32f1xx_hal_gpio.o
 .debug_aranges
                0x0000000000000578       0x90 ./Drivers/STM32F1xx_HAL_Driver/Src/stm32f1xx_hal_rcc.o
 .debug_aranges
                0x0000000000000608      0x200 ./Drivers/STM32F1xx_HAL_Driver/Src/stm32f1xx_hal_uart.o

.debug_ranges   0x0000000000000000      0x780
 .debug_ranges  0x0000000000000000       0x38 ./Core/Src/main.o
 .debug_ranges  0x0000000000000038       0x30 ./Core/Src/stm32f1xx_hal_msp.o
 .debug_ranges  0x0000000000000068       0x68 ./Core/Src/stm32f1xx_it.o
 .debug_ranges  0x00000000000000d0       0x18 ./Core/Src/system_stm32f1xx.o
 .debug_ranges  0x00000000000000e8       0xa8 ./Core/Src/wrapper.o
 .debug_ranges  0x0000000000000190       0x20 ./Core/Startup/startup_stm32f103c8tx.o
 .debug_ranges  0x00000000000001b0       0xd0 ./Drivers/STM32F1xx_HAL_Driver/Src/stm32f1xx_hal.o
 .debug_ranges  0x0000000000000280      0x128 ./Drivers/STM32F1xx_HAL_Driver/Src/stm32f1xx_hal_can.o
 .debug_ranges  0x00000000000003a8       0xf0 ./Drivers/STM32F1xx_HAL_Driver/Src/stm32f1xx_hal_cortex.o
 .debug_ranges  0x0000000000000498       0x48 ./Drivers/STM32F1xx_HAL_Driver/Src/stm32f1xx_hal_gpio.o
 .debug_ranges  0x00000000000004e0       0x80 ./Drivers/STM32F1xx_HAL_Driver/Src/stm32f1xx_hal_rcc.o
 .debug_ranges  0x0000000000000560      0x220 ./Drivers/STM32F1xx_HAL_Driver/Src/stm32f1xx_hal_uart.o

.debug_macro    0x0000000000000000    0x17f68
 .debug_macro   0x0000000000000000      0x1a7 ./Core/Src/main.o
 .debug_macro   0x00000000000001a7      0xa6c ./Core/Src/main.o
 .debug_macro   0x0000000000000c13      0x21b ./Core/Src/main.o
 .debug_macro   0x0000000000000e2e       0x2e ./Core/Src/main.o
 .debug_macro   0x0000000000000e5c       0x22 ./Core/Src/main.o
 .debug_macro   0x0000000000000e7e       0x22 ./Core/Src/main.o
 .debug_macro   0x0000000000000ea0       0x8e ./Core/Src/main.o
 .debug_macro   0x0000000000000f2e       0x51 ./Core/Src/main.o
 .debug_macro   0x0000000000000f7f      0x103 ./Core/Src/main.o
 .debug_macro   0x0000000000001082       0x6a ./Core/Src/main.o
 .debug_macro   0x00000000000010ec      0x1df ./Core/Src/main.o
 .debug_macro   0x00000000000012cb       0x1c ./Core/Src/main.o
 .debug_macro   0x00000000000012e7       0x22 ./Core/Src/main.o
 .debug_macro   0x0000000000001309       0xbd ./Core/Src/main.o
 .debug_macro   0x00000000000013c6      0xd23 ./Core/Src/main.o
 .debug_macro   0x00000000000020e9     0xe09e ./Core/Src/main.o
 .debug_macro   0x0000000000010187       0x6d ./Core/Src/main.o
 .debug_macro   0x00000000000101f4     0x3468 ./Core/Src/main.o
 .debug_macro   0x000000000001365c      0x174 ./Core/Src/main.o
 .debug_macro   0x00000000000137d0       0x5c ./Core/Src/main.o
 .debug_macro   0x000000000001382c      0x5be ./Core/Src/main.o
 .debug_macro   0x0000000000013dea      0x289 ./Core/Src/main.o
 .debug_macro   0x0000000000014073      0x1cb ./Core/Src/main.o
 .debug_macro   0x000000000001423e      0x114 ./Core/Src/main.o
 .debug_macro   0x0000000000014352      0x1b2 ./Core/Src/main.o
 .debug_macro   0x0000000000014504       0x27 ./Core/Src/main.o
 .debug_macro   0x000000000001452b      0x136 ./Core/Src/main.o
 .debug_macro   0x0000000000014661      0x1bc ./Core/Src/main.o
 .debug_macro   0x000000000001481d       0x34 ./Core/Src/main.o
 .debug_macro   0x0000000000014851       0x3c ./Core/Src/main.o
 .debug_macro   0x000000000001488d      0x408 ./Core/Src/main.o
 .debug_macro   0x0000000000014c95       0x57 ./Core/Src/main.o
 .debug_macro   0x0000000000014cec       0x88 ./Core/Src/main.o
 .debug_macro   0x0000000000014d74      0x241 ./Core/Src/main.o
 .debug_macro   0x0000000000014fb5      0x141 ./Core/Src/main.o
 .debug_macro   0x00000000000150f6      0x279 ./Core/Src/main.o
 .debug_macro   0x000000000001536f       0x83 ./Core/Src/main.o
 .debug_macro   0x00000000000153f2       0x9a ./Core/Src/main.o
 .debug_macro   0x000000000001548c      0x1a7 ./Core/Src/stm32f1xx_hal_msp.o
 .debug_macro   0x0000000000015633      0x1b1 ./Core/Src/stm32f1xx_it.o
 .debug_macro   0x00000000000157e4      0x198 ./Core/Src/system_stm32f1xx.o
 .debug_macro   0x000000000001597c      0x1b4 ./Core/Src/wrapper.o
 .debug_macro   0x0000000000015b30      0xb44 ./Core/Src/wrapper.o
 .debug_macro   0x0000000000016674       0x1c ./Core/Src/wrapper.o
 .debug_macro   0x0000000000016690      0xd23 ./Core/Src/wrapper.o
 .debug_macro   0x00000000000173b3      0x17b ./Core/Src/wrapper.o
 .debug_macro   0x000000000001752e      0x1bc ./Drivers/STM32F1xx_HAL_Driver/Src/stm32f1xx_hal.o
 .debug_macro   0x00000000000176ea      0x1a0 ./Drivers/STM32F1xx_HAL_Driver/Src/stm32f1xx_hal_can.o
 .debug_macro   0x000000000001788a      0x198 ./Drivers/STM32F1xx_HAL_Driver/Src/stm32f1xx_hal_cortex.o
 .debug_macro   0x0000000000017a22      0x203 ./Drivers/STM32F1xx_HAL_Driver/Src/stm32f1xx_hal_gpio.o
 .debug_macro   0x0000000000017c25      0x1aa ./Drivers/STM32F1xx_HAL_Driver/Src/stm32f1xx_hal_rcc.o
 .debug_macro   0x0000000000017dcf      0x199 ./Drivers/STM32F1xx_HAL_Driver/Src/stm32f1xx_hal_uart.o

.debug_line     0x0000000000000000     0x7cb9
 .debug_line    0x0000000000000000      0x79b ./Core/Src/main.o
 .debug_line    0x000000000000079b      0x70b ./Core/Src/stm32f1xx_hal_msp.o
 .debug_line    0x0000000000000ea6      0x766 ./Core/Src/stm32f1xx_it.o
 .debug_line    0x000000000000160c      0x6da ./Core/Src/system_stm32f1xx.o
 .debug_line    0x0000000000001ce6      0xa19 ./Core/Src/wrapper.o
 .debug_line    0x00000000000026ff       0x87 ./Core/Startup/startup_stm32f103c8tx.o
 .debug_line    0x0000000000002786      0x907 ./Drivers/STM32F1xx_HAL_Driver/Src/stm32f1xx_hal.o
 .debug_line    0x000000000000308d     0x10a8 ./Drivers/STM32F1xx_HAL_Driver/Src/stm32f1xx_hal_can.o
 .debug_line    0x0000000000004135      0xaef ./Drivers/STM32F1xx_HAL_Driver/Src/stm32f1xx_hal_cortex.o
 .debug_line    0x0000000000004c24      0x99e ./Drivers/STM32F1xx_HAL_Driver/Src/stm32f1xx_hal_gpio.o
 .debug_line    0x00000000000055c2      0xd15 ./Drivers/STM32F1xx_HAL_Driver/Src/stm32f1xx_hal_rcc.o
 .debug_line    0x00000000000062d7     0x19e2 ./Drivers/STM32F1xx_HAL_Driver/Src/stm32f1xx_hal_uart.o

.debug_str      0x0000000000000000    0x8142f
 .debug_str     0x0000000000000000    0x7f105 ./Core/Src/main.o
                                      0x7f5d4 (size before relaxing)
 .debug_str     0x000000000007f105       0xc0 ./Core/Src/stm32f1xx_hal_msp.o
                                      0x7f442 (size before relaxing)
 .debug_str     0x000000000007f1c5      0x11e ./Core/Src/stm32f1xx_it.o
                                      0x7ed82 (size before relaxing)
 .debug_str     0x000000000007f2e3       0x7e ./Core/Src/system_stm32f1xx.o
                                      0x7e814 (size before relaxing)
 .debug_str     0x000000000007f361      0xbfe ./Core/Src/wrapper.o
                                      0x7f7cc (size before relaxing)
 .debug_str     0x000000000007ff5f       0x36 ./Core/Startup/startup_stm32f103c8tx.o
                                         0x77 (size before relaxing)
 .debug_str     0x000000000007ff95      0x320 ./Drivers/STM32F1xx_HAL_Driver/Src/stm32f1xx_hal.o
                                      0x7ef47 (size before relaxing)
 .debug_str     0x00000000000802b5      0x41b ./Drivers/STM32F1xx_HAL_Driver/Src/stm32f1xx_hal_can.o
                                      0x7f014 (size before relaxing)
 .debug_str     0x00000000000806d0      0x263 ./Drivers/STM32F1xx_HAL_Driver/Src/stm32f1xx_hal_cortex.o
                                      0x7ee93 (size before relaxing)
 .debug_str     0x0000000000080933      0x2ad ./Drivers/STM32F1xx_HAL_Driver/Src/stm32f1xx_hal_gpio.o
                                      0x7eb9a (size before relaxing)
 .debug_str     0x0000000000080be0      0x21e ./Drivers/STM32F1xx_HAL_Driver/Src/stm32f1xx_hal_rcc.o
                                      0x7ec43 (size before relaxing)
 .debug_str     0x0000000000080dfe      0x631 ./Drivers/STM32F1xx_HAL_Driver/Src/stm32f1xx_hal_uart.o
                                      0x7f24e (size before relaxing)

.comment        0x0000000000000000       0x50
 .comment       0x0000000000000000       0x50 ./Core/Src/main.o
                                         0x51 (size before relaxing)
 .comment       0x0000000000000050       0x51 ./Core/Src/stm32f1xx_hal_msp.o
 .comment       0x0000000000000050       0x51 ./Core/Src/stm32f1xx_it.o
 .comment       0x0000000000000050       0x51 ./Core/Src/system_stm32f1xx.o
 .comment       0x0000000000000050       0x51 ./Core/Src/wrapper.o
 .comment       0x0000000000000050       0x51 ./Drivers/STM32F1xx_HAL_Driver/Src/stm32f1xx_hal.o
 .comment       0x0000000000000050       0x51 ./Drivers/STM32F1xx_HAL_Driver/Src/stm32f1xx_hal_can.o
 .comment       0x0000000000000050       0x51 ./Drivers/STM32F1xx_HAL_Driver/Src/stm32f1xx_hal_cortex.o
 .comment       0x0000000000000050       0x51 ./Drivers/STM32F1xx_HAL_Driver/Src/stm32f1xx_hal_gpio.o
 .comment       0x0000000000000050       0x51 ./Drivers/STM32F1xx_HAL_Driver/Src/stm32f1xx_hal_rcc.o
 .comment       0x0000000000000050       0x51 ./Drivers/STM32F1xx_HAL_Driver/Src/stm32f1xx_hal_uart.o

.debug_frame    0x0000000000000000     0x1fe8
 .debug_frame   0x0000000000000000       0xc4 ./Core/Src/main.o
 .debug_frame   0x00000000000000c4       0xc8 ./Core/Src/stm32f1xx_hal_msp.o
 .debug_frame   0x000000000000018c      0x158 ./Core/Src/stm32f1xx_it.o
 .debug_frame   0x00000000000002e4       0x58 ./Core/Src/system_stm32f1xx.o
 .debug_frame   0x000000000000033c      0x2e8 ./Core/Src/wrapper.o
 .debug_frame   0x0000000000000624      0x334 ./Drivers/STM32F1xx_HAL_Driver/Src/stm32f1xx_hal.o
 .debug_frame   0x0000000000000958      0x5a0 ./Drivers/STM32F1xx_HAL_Driver/Src/stm32f1xx_hal_can.o
 .debug_frame   0x0000000000000ef8      0x428 ./Drivers/STM32F1xx_HAL_Driver/Src/stm32f1xx_hal_cortex.o
 .debug_frame   0x0000000000001320      0x14c ./Drivers/STM32F1xx_HAL_Driver/Src/stm32f1xx_hal_gpio.o
 .debug_frame   0x000000000000146c      0x21c ./Drivers/STM32F1xx_HAL_Driver/Src/stm32f1xx_hal_rcc.o
 .debug_frame   0x0000000000001688      0x914 ./Drivers/STM32F1xx_HAL_Driver/Src/stm32f1xx_hal_uart.o
 .debug_frame   0x0000000000001f9c       0x2c c:/st/stm32cubeide_1.9.0/stm32cubeide/plugins/com.st.stm32cube.ide.mcu.externaltools.gnu-tools-for-stm32.10.3-2021.10.win32_1.0.100.202210260954/tools/bin/../lib/gcc/arm-none-eabi/10.3.1/../../../../arm-none-eabi/lib/thumb/v7-m/nofp\libc_nano.a(lib_a-init.o)
 .debug_frame   0x0000000000001fc8       0x20 c:/st/stm32cubeide_1.9.0/stm32cubeide/plugins/com.st.stm32cube.ide.mcu.externaltools.gnu-tools-for-stm32.10.3-2021.10.win32_1.0.100.202210260954/tools/bin/../lib/gcc/arm-none-eabi/10.3.1/../../../../arm-none-eabi/lib/thumb/v7-m/nofp\libc_nano.a(lib_a-memset.o)
