../Core/lib/Inc/CanCtrl.hpp:25:6:void CanCtrl::init()	16	static
../Core/lib/Inc/CanCtrl.hpp:40:19:HAL_StatusTypeDef CanCtrl::Canrx(uint32_t, uint8_t*)	24	static
../Core/Inc/solenCtrl.hpp:19:19:HAL_StatusTypeDef solenoid::value_update(uint8_t)	16	static
../Core/Inc/solenCtrl.hpp:38:6:void solenoid::safty_O()	16	static
../Core/Inc/solenCtrl.hpp:46:6:void solenoid::safty()	16	static
../Core/Inc/solenCtrl.hpp:57:6:void solenoid::EMS()	16	static
../Core/Inc/solenCtrl.hpp:84:6:void solenCtrl::init()	16	static
../Core/Inc/solenCtrl.hpp:102:19:HAL_StatusTypeDef solenCtrl::update(uint32_t, uint8_t*)	32	static
../Core/Inc/solenCtrl.hpp:165:19:HAL_StatusTypeDef solenCtrl::get_ad()	16	static
../Core/Inc/solenCtrl.hpp:169:19:HAL_StatusTypeDef solenCtrl::set_ad(HAL_StatusTypeDef)	16	static
../Core/Inc/solenCtrl.hpp:174:19:HAL_StatusTypeDef solenCtrl::EMS_down()	16	static
../Core/Inc/solenCtrl.hpp:186:6:void solenCtrl::check_safty_O()	16	static
../Core/Inc/solenCtrl.hpp:196:6:void solenCtrl::check_safty_E()	16	static
../Core/Inc/solenCtrl.hpp:8:8:solenoid::solenoid()	16	static
../Core/Inc/solenCtrl.hpp:64:7:solenCtrl::solenCtrl()	16	static
../Core/Src/wrapper.cpp:14:6:void HAL_CAN_RxFifo0MsgPendingCallback(HAL_StatusTypeDef&)	32	static
../Core/Src/wrapper.cpp:26:6:void HAL_GPIO_EXTI_Callback(uint16_t)	16	static
../Core/Src/wrapper.cpp:36:6:void main_cpp()	16	static
../Core/Src/wrapper.cpp:75:1:void __static_initialization_and_destruction_0(int, int)	16	static
../Core/Src/wrapper.cpp:75:1:cpp)	8	static
