../Core/lib/Inc/CanCtrl.hpp:27:6:void CanCtrl::init()	16	static
../Core/lib/Inc/CanCtrl.hpp:42:19:HAL_StatusTypeDef CanCtrl::Canrx(uint32_t&, uint8_t*)	24	static
../Core/Inc/SolenCtrl.hpp:25:26:HAL_StatusTypeDef solenoid::value_update(uint8_t)	16	static
../Core/Inc/SolenCtrl.hpp:46:13:void solenoid::safty_OK()	16	static
../Core/Inc/SolenCtrl.hpp:54:13:void solenoid::safty_ERROR()	16	static
../Core/Inc/SolenCtrl.hpp:65:13:void solenoid::EMS_stop()	16	static
../Core/Inc/SolenCtrl.hpp:87:13:void SolenCtrl::init()	24	static
../Core/Inc/SolenCtrl.hpp:108:26:HAL_StatusTypeDef SolenCtrl::update(uint32_t, uint8_t*)	32	static
../Core/Inc/SolenCtrl.hpp:120:13:mode SolenCtrl::get_pre_EMS()	16	static
../Core/Inc/SolenCtrl.hpp:124:26:HAL_StatusTypeDef SolenCtrl::set_pre_EMS(mode)	16	static
../Core/Inc/SolenCtrl.hpp:129:26:HAL_StatusTypeDef SolenCtrl::EMS_down()	24	static
../Core/Inc/SolenCtrl.hpp:139:13:void SolenCtrl::check_Safty_OK()	24	static
../Core/Inc/SolenCtrl.hpp:146:13:void SolenCtrl::check_Safty_ERROR()	24	static
../Core/Inc/SolenCtrl.hpp:13:8:solenoid::solenoid()	16	static
../Core/Inc/SolenCtrl.hpp:73:7:SolenCtrl::SolenCtrl()	24	static
../Core/Src/wrapper.cpp:15:6:void HAL_CAN_RxFifo0MsgPendingCallback(CAN_HandleTypeDef*)	32	static
../Core/Src/wrapper.cpp:27:6:void HAL_GPIO_EXTI_Callback(uint16_t)	16	static
../Core/Src/wrapper.cpp:39:6:void main_cpp()	16	static
../Core/Src/wrapper.cpp:81:1:void __static_initialization_and_destruction_0(int, int)	16	static
../Core/Src/wrapper.cpp:81:1:cpp)	8	static
