../Core/lib/Inc/CanCtrl.hpp:25:6:void CanCtrl::init()	16	static
../Core/lib/Inc/CanCtrl.hpp:40:19:HAL_StatusTypeDef CanCtrl::Canrx(uint32_t, uint8_t*)	24	static
../Core/Inc/solenCtrl.hpp:19:26:HAL_StatusTypeDef solenoid::value_update(uint8_t)	16	static
../Core/Inc/solenCtrl.hpp:38:13:void solenoid::safty_O()	16	static
../Core/Inc/solenCtrl.hpp:57:13:void solenoid::EMS()	16	static
../Core/Inc/solenCtrl.hpp:78:13:void SolenCtrl::init()	24	static
../Core/Inc/solenCtrl.hpp:92:26:HAL_StatusTypeDef SolenCtrl::update(uint32_t, uint8_t*)	32	static
../Core/Inc/solenCtrl.hpp:107:26:HAL_StatusTypeDef SolenCtrl::get_pre_EMS()	16	static
../Core/Inc/solenCtrl.hpp:111:26:HAL_StatusTypeDef SolenCtrl::set_pre_EMS(HAL_StatusTypeDef)	16	static
../Core/Inc/solenCtrl.hpp:116:26:HAL_StatusTypeDef SolenCtrl::EMS_down()	24	static
../Core/Inc/solenCtrl.hpp:124:13:void SolenCtrl::check_safty_O()	24	static
../Core/Inc/solenCtrl.hpp:130:13:void SolenCtrl::check_safty_E()	24	static
../Core/Inc/solenCtrl.hpp:8:8:solenoid::solenoid()	16	static
../Core/Inc/solenCtrl.hpp:64:7:SolenCtrl::SolenCtrl()	24	static
../Core/Src/wrapper.cpp:14:6:void HAL_CAN_RxFifo0MsgPendingCallback(HAL_StatusTypeDef&)	32	static
../Core/Src/wrapper.cpp:26:6:void HAL_GPIO_EXTI_Callback(uint16_t)	16	static
../Core/Src/wrapper.cpp:36:6:void main_cpp()	16	static
../Core/Src/wrapper.cpp:75:1:void __static_initialization_and_destruction_0(int, int)	16	static
../Core/Src/wrapper.cpp:75:1:cpp)	8	static
