../Core/lib/Inc/CanCtrl.hpp:26:6:void CanCtrl::init()	16	static
../Core/lib/Inc/CanCtrl.hpp:41:19:HAL_StatusTypeDef CanCtrl::Canrx(uint32_t, uint8_t*)	24	static
../Core/Inc/SolenCtrl.hpp:19:26:HAL_StatusTypeDef solenoid::value_update(uint8_t)	16	static
../Core/Inc/SolenCtrl.hpp:38:13:void solenoid::safty_OK()	16	static
../Core/Inc/SolenCtrl.hpp:46:13:void solenoid::safty_ERROR()	16	static
../Core/Inc/SolenCtrl.hpp:57:13:void solenoid::EMS()	16	static
../Core/Inc/SolenCtrl.hpp:78:13:void SolenCtrl::init()	24	static
../Core/Inc/SolenCtrl.hpp:92:26:HAL_StatusTypeDef SolenCtrl::update(uint32_t, uint8_t*)	32	static
../Core/Inc/SolenCtrl.hpp:107:26:HAL_StatusTypeDef SolenCtrl::get_pre_EMS()	16	static
../Core/Inc/SolenCtrl.hpp:111:26:HAL_StatusTypeDef SolenCtrl::set_pre_EMS(HAL_StatusTypeDef)	16	static
../Core/Inc/SolenCtrl.hpp:116:26:HAL_StatusTypeDef SolenCtrl::EMS_down()	24	static
../Core/Inc/SolenCtrl.hpp:125:13:void SolenCtrl::check_Safty_OK()	24	static
../Core/Inc/SolenCtrl.hpp:132:13:void SolenCtrl::check_Safty_ERROR()	24	static
../Core/Inc/SolenCtrl.hpp:8:8:solenoid::solenoid()	16	static
../Core/Inc/SolenCtrl.hpp:64:7:SolenCtrl::SolenCtrl()	24	static
../Core/Src/wrapper.cpp:14:6:void HAL_CAN_RxFifo0MsgPendingCallback(HAL_StatusTypeDef&)	32	static
../Core/Src/wrapper.cpp:26:6:void HAL_GPIO_EXTI_Callback(uint16_t)	16	static
../Core/Src/wrapper.cpp:37:6:void main_cpp()	16	static
../Core/Src/wrapper.cpp:86:1:void __static_initialization_and_destruction_0(int, int)	16	static
../Core/Src/wrapper.cpp:86:1:cpp)	8	static
